---
source: tests/integration_test.rs
expression: output_lines

---
- "STDOUT:"
- ""
- ""
- "STDERR:"
- "error: The argument '--paths-cmd <PATHS_CMD>' cannot be used with '--paths-from <PATHS_FROM>'"
- ""
- "USAGE:"
- "    lintrunner --config <CONFIG> --paths-cmd <PATHS_CMD>"
- ""
- For more information try --help

