{
  "body": {
    "config": {
      "api_key": "dict://api_key",
      "api_url": "https://example.com"
    },
    "diagnostics": [
      {
        "level": "ERROR",
        "msg": "some error happened!"
      }
    ],
    "healthy": false,
    "provider": {
      "name": "test",
      "publisher": "acmecorp",
      "version": "v0.1.0"
    },
    "schema": {
      "audit": {
        "resourceLoaders": {},
        "resources": {}
      },
      "config": {
        "api_key": {
          "secret": true,
          "type": "string",
          "usage": "API key"
        },
        "api_url": {
          "secret": false,
          "type": "string",
          "usage": "API URL"
        }
      },
      "target": {}
    }
  }
}
