{
  "$id": "https://registry.commonfate.io/schema/common-fate/example/v1",
  "$schema": "https://schema.commonfate.io/provider/v1alpha1",
  "config": {
    "api_url": {
      "description": null,
      "secret": false,
      "type": "string"
    }
  },
  "meta": {
    "framework": "dev"
  },
  "resources": {
    "loaders": {
      "example": {
        "title": "example"
      }
    },
    "types": {
      "MyResource": {
        "type": "string"
      }
    }
  },
  "targets": {
    "Group": {
      "properties": {
        "value": {
          "description": null,
          "resource": null,
          "title": null,
          "type": "string"
        }
      },
      "type": "object"
    }
  }
}
