{
  "$schema": "https://schema.commonfate.io/provider/v1alpha1",
  "meta": {
    "framework": "dev"
  }
}
